---
http_interactions:
- request:
    method: post
    uri: https://api.hubapi.com/properties/v1/companies/properties?hapikey=<HAPI_KEY>
    body:
      encoding: UTF-8
      string: '{"name":"instagram_handle","groupName":"socialmediainformation","description":"The
        company''s Instagram handle.","fieldType":"text","type":"string","label":"Instagram
        Handle","options":[]}'
    headers:
      Content-Type:
      - application/json
      Accept-Encoding:
      - gzip;q=1.0,deflate;q=0.6,identity;q=0.3
      Accept:
      - "*/*"
      User-Agent:
      - Ruby
  response:
    status:
      code: 200
      message: OK
    headers:
      Date:
      - Wed, 22 Jun 2022 08:47:33 GMT
      Content-Type:
      - application/json;charset=utf-8
      Content-Length:
      - '478'
      Connection:
      - keep-alive
      Cf-Ray:
      - 71f3b8475e283bc2-CDG
      Strict-Transport-Security:
      - max-age=31536000; includeSubDomains; preload
      Vary:
      - Accept-Encoding
      Cf-Cache-Status:
      - DYNAMIC
      Access-Control-Allow-Credentials:
      - 'false'
      Expect-Ct:
      - max-age=604800, report-uri="https://report-uri.cloudflare.com/cdn-cgi/beacon/expect-ct"
      X-Hubspot-Correlation-Id:
      - 01aedafa-769a-429e-9ad2-c34d4db37f52
      X-Hubspot-Ratelimit-Daily:
      - '500000'
      X-Hubspot-Ratelimit-Daily-Remaining:
      - '498656'
      X-Hubspot-Ratelimit-Interval-Milliseconds:
      - '10000'
      X-Hubspot-Ratelimit-Max:
      - '150'
      X-Hubspot-Ratelimit-Remaining:
      - '125'
      X-Hubspot-Ratelimit-Secondly:
      - '15'
      X-Hubspot-Ratelimit-Secondly-Remaining:
      - '12'
      X-Trace:
      - 2BA291E2487939BED1F381E7419660884FD3B69154000000000000000000
      Report-To:
      - '{"endpoints":[{"url":"https:\/\/a.nel.cloudflare.com\/report\/v3?s=OtmH65QitEosCIqccoX5vBxbYMMYqvo1FuT8cETThCTDN3XiehrgpDYj45poLTaJzq5UD5Mlhgv4jZfyB84IRf3oAv4M0C01cbpL6b6ylEZ3pR%2BFbBiaCMAlaZWsPwTnp%2BZFvxHTLmayPWno"}],"group":"cf-nel","max_age":604800}'
      Nel:
      - '{"success_fraction":0.01,"report_to":"cf-nel","max_age":604800}'
      Server:
      - cloudflare
      Alt-Svc:
      - h3=":443"; ma=86400, h3-29=":443"; ma=86400
    body:
      encoding: ASCII-8BIT
      string: '{"name":"instagram_handle","label":"Instagram Handle","description":"The
        company''s Instagram handle.","groupName":"socialmediainformation","type":"string","fieldType":"text","fieldLevelPermission":null,"options":[],"deleted":false,"updatedAt":1655887653096,"createdAt":1655456763755,"referencedObjectType":null,"externalOptionsReferenceType":null,"optionSortStrategy":null,"formField":false,"displayOrder":-1,"readOnlyValue":false,"readOnlyDefinition":false,"createdUserId":null,"searchableInGlobalSearch":false,"hasUniqueValue":false,"numberDisplayHint":null,"mutableDefinitionNotDeletable":false,"displayMode":"current_value","showCurrencySymbol":null,"hubspotDefined":null,"hidden":false,"favorited":false,"favoritedOrder":-1,"calculated":false,"externalOptions":false,"currencyPropertyName":null,"textDisplayHint":null,"optionsAreMutable":null,"searchTextAnalysisMode":null,"updatedUserId":null,"isCustomizedDefault":false}'
  recorded_at: Wed, 22 Jun 2022 08:47:33 GMT
- request:
    method: post
    uri: https://api.hubapi.com/properties/v1/companies/properties?hapikey=<HAPI_KEY>
    body:
      encoding: UTF-8
      string: '{"name":"fax_number","groupName":"companyinformation","description":"The
        company fax number.","fieldType":"text","type":"string","label":"Fax Number","options":[]}'
    headers:
      Content-Type:
      - application/json
      Accept-Encoding:
      - gzip;q=1.0,deflate;q=0.6,identity;q=0.3
      Accept:
      - "*/*"
      User-Agent:
      - Ruby
  response:
    status:
      code: 200
      message: OK
    headers:
      Date:
      - Wed, 22 Jun 2022 08:47:33 GMT
      Content-Type:
      - application/json;charset=utf-8
      Content-Length:
      - '466'
      Connection:
      - keep-alive
      Cf-Ray:
      - 71f3b8496c1b99d2-CDG
      Strict-Transport-Security:
      - max-age=31536000; includeSubDomains; preload
      Vary:
      - Accept-Encoding
      Cf-Cache-Status:
      - DYNAMIC
      Access-Control-Allow-Credentials:
      - 'false'
      Expect-Ct:
      - max-age=604800, report-uri="https://report-uri.cloudflare.com/cdn-cgi/beacon/expect-ct"
      X-Hubspot-Correlation-Id:
      - 23b0f86f-8887-41fa-908d-464492643710
      X-Hubspot-Ratelimit-Daily:
      - '500000'
      X-Hubspot-Ratelimit-Daily-Remaining:
      - '498655'
      X-Hubspot-Ratelimit-Interval-Milliseconds:
      - '10000'
      X-Hubspot-Ratelimit-Max:
      - '150'
      X-Hubspot-Ratelimit-Remaining:
      - '124'
      X-Hubspot-Ratelimit-Secondly:
      - '15'
      X-Hubspot-Ratelimit-Secondly-Remaining:
      - '12'
      X-Trace:
      - 2B9FDFA2A545E3F2218297D7BBFE85E86A6DBCA053000000000000000000
      Report-To:
      - '{"endpoints":[{"url":"https:\/\/a.nel.cloudflare.com\/report\/v3?s=JDjwTrcXRUh26k3XSZQsXkAKwhLUKBxfpCxZTxXHOVTjAW0jVLSCuheFHak8XTH4JNEkThKAUdi292tPFrs4lNJzvLpVn%2BWUfoze5LeLd4T4hlOn4cOKgXWkakISedokHq5Xn%2F1ByBq8Rr21"}],"group":"cf-nel","max_age":604800}'
      Nel:
      - '{"success_fraction":0.01,"report_to":"cf-nel","max_age":604800}'
      Server:
      - cloudflare
      Alt-Svc:
      - h3=":443"; ma=86400, h3-29=":443"; ma=86400
    body:
      encoding: ASCII-8BIT
      string: '{"name":"fax_number","label":"Fax Number","description":"The company
        fax number.","groupName":"companyinformation","type":"string","fieldType":"text","fieldLevelPermission":null,"options":[],"deleted":false,"updatedAt":1655887653414,"createdAt":1655456762968,"referencedObjectType":null,"externalOptionsReferenceType":null,"optionSortStrategy":null,"formField":false,"displayOrder":-1,"readOnlyValue":false,"readOnlyDefinition":false,"createdUserId":null,"searchableInGlobalSearch":false,"hasUniqueValue":false,"numberDisplayHint":null,"mutableDefinitionNotDeletable":false,"displayMode":"current_value","showCurrencySymbol":null,"hubspotDefined":null,"hidden":false,"favorited":false,"favoritedOrder":-1,"calculated":false,"externalOptions":false,"currencyPropertyName":null,"textDisplayHint":null,"optionsAreMutable":null,"searchTextAnalysisMode":null,"updatedUserId":null,"isCustomizedDefault":false}'
  recorded_at: Wed, 22 Jun 2022 08:47:33 GMT
- request:
    method: get
    uri: https://api.hubapi.com/properties/v1/companies/groups?hapikey=<HAPI_KEY>
    body:
      encoding: US-ASCII
      string: ''
    headers:
      Accept-Encoding:
      - gzip;q=1.0,deflate;q=0.6,identity;q=0.3
      Accept:
      - "*/*"
      User-Agent:
      - Ruby
  response:
    status:
      code: 200
      message: OK
    headers:
      Date:
      - Wed, 22 Jun 2022 08:47:33 GMT
      Content-Type:
      - application/json;charset=utf-8
      Content-Length:
      - '634'
      Connection:
      - keep-alive
      Cf-Ray:
      - 71f3b84afd35999e-CDG
      Cache-Control:
      - no-cache, no-store, no-transform, must-revalidate, max-age=0
      Strict-Transport-Security:
      - max-age=31536000; includeSubDomains; preload
      Vary:
      - Accept-Encoding
      Cf-Cache-Status:
      - DYNAMIC
      Access-Control-Allow-Credentials:
      - 'false'
      Expect-Ct:
      - max-age=604800, report-uri="https://report-uri.cloudflare.com/cdn-cgi/beacon/expect-ct"
      X-Hubspot-Correlation-Id:
      - 40ece6fb-11e4-4b5c-ad7a-6ba1f73cdab2
      X-Hubspot-Ratelimit-Daily:
      - '500000'
      X-Hubspot-Ratelimit-Daily-Remaining:
      - '498654'
      X-Hubspot-Ratelimit-Interval-Milliseconds:
      - '10000'
      X-Hubspot-Ratelimit-Max:
      - '150'
      X-Hubspot-Ratelimit-Remaining:
      - '123'
      X-Hubspot-Ratelimit-Secondly:
      - '15'
      X-Hubspot-Ratelimit-Secondly-Remaining:
      - '12'
      X-Trace:
      - 2BCE7E92155E14A26074EC124B394A056C2AA3365A000000000000000000
      Report-To:
      - '{"endpoints":[{"url":"https:\/\/a.nel.cloudflare.com\/report\/v3?s=pEY5BQ07BkAkfLIQT3xKJDBNpRxxkpIWmYJ2Fj1Y1a47kEqKdWL54htyYVO%2Bes0OqXaWDgNoT7b1SH%2BkcigVInaJ2wetf3EgW1JP96qhH7YUWfNjvts2MvxJxPHMMPmLG7W8JAPj6kujFAp%2F"}],"group":"cf-nel","max_age":604800}'
      Nel:
      - '{"success_fraction":0.01,"report_to":"cf-nel","max_age":604800}'
      Server:
      - cloudflare
      Alt-Svc:
      - h3=":443"; ma=86400, h3-29=":443"; ma=86400
    body:
      encoding: ASCII-8BIT
      string: '[{"name":"company_activity","fulcrumPortalId":8008758,"fulcrumTimestamp":1593475199999,"displayName":"Company
        activity","displayOrder":-1,"hubspotDefined":true},{"name":"deal_information","fulcrumPortalId":8008758,"fulcrumTimestamp":1593475199999,"displayName":"Deal
        information","displayOrder":-1,"hubspotDefined":true},{"name":"sales_properties","fulcrumPortalId":8008758,"fulcrumTimestamp":1593475199999,"displayName":"Sales
        properties","displayOrder":-1,"hubspotDefined":true},{"name":"companyinformation","fulcrumPortalId":0,"fulcrumTimestamp":0,"displayName":"Company
        information","displayOrder":1,"hubspotDefined":true},{"name":"socialmediainformation","fulcrumPortalId":0,"fulcrumTimestamp":0,"displayName":"Social
        media information","displayOrder":2,"hubspotDefined":true},{"name":"analyticsinformation","fulcrumPortalId":0,"fulcrumTimestamp":0,"displayName":"Web
        analytics history","displayOrder":4,"hubspotDefined":true},{"name":"conversioninformation","fulcrumPortalId":0,"fulcrumTimestamp":0,"displayName":"Conversion
        information","displayOrder":5,"hubspotDefined":true},{"name":"targetaccountsinformation","fulcrumPortalId":0,"fulcrumTimestamp":0,"displayName":"Target
        accounts information","displayOrder":6,"hubspotDefined":true},{"name":"ff_group235","displayName":"","displayOrder":100,"hubspotDefined":false},{"name":"ff_group_5d53927dca3cb4d33b3c0dd67aec8ec1","displayName":"","displayOrder":100,"hubspotDefined":false},{"name":"ff_group_dca0c6f2180493ec7afa72818f3dee9b","displayName":"","displayOrder":100,"hubspotDefined":false},{"name":"ff_group_fd8285a73338e9128f3efdfd6f19084d","displayName":"","displayOrder":100,"hubspotDefined":false},{"name":"ff_group_44722e13ea598b37bcc54646c229c60f","displayName":"","displayOrder":100,"hubspotDefined":false},{"name":"ff_group_8be26642b60b4989304600ceb1baf04f","displayName":"","displayOrder":100,"hubspotDefined":false},{"name":"ff_group_c1e5b0dca88933b986ba4f979d8d72b3","displayName":"","displayOrder":100,"hubspotDefined":false},{"name":"ff_group_bc6005fe6d5f15928dbb53c5ab9de863","displayName":"","displayOrder":100,"hubspotDefined":false},{"name":"ff_group_3c8550cd25358b9dc8f7af573787896c","displayName":"","displayOrder":100,"hubspotDefined":false},{"name":"ff_group_a996fb59b571ffe0e0db1e8f24712b67","displayName":"","displayOrder":100,"hubspotDefined":false},{"name":"ff_group_7d9396af7eda9392d14c5c10738f913e","displayName":"","displayOrder":100,"hubspotDefined":false},{"name":"ff_group_69e4534dae61e8cefeb6d37607359c2e","displayName":"","displayOrder":100,"hubspotDefined":false},{"name":"ff_group_f47e669c25af6bf51aa332d312eb74b4","displayName":"","displayOrder":100,"hubspotDefined":false},{"name":"ff_group_3c602e6f06a60c058fae70230ee8b8f9","displayName":"","displayOrder":100,"hubspotDefined":false},{"name":"ff_group_48830f136c450497544a16354edd9dd4","displayName":"","displayOrder":100,"hubspotDefined":false}]'
  recorded_at: Wed, 22 Jun 2022 08:47:33 GMT
- request:
    method: delete
    uri: https://api.hubapi.com/properties/v1/companies/properties/named/instagram_handle?hapikey=<HAPI_KEY>
    body:
      encoding: US-ASCII
      string: ''
    headers:
      Accept-Encoding:
      - gzip;q=1.0,deflate;q=0.6,identity;q=0.3
      Accept:
      - "*/*"
      User-Agent:
      - Ruby
  response:
    status:
      code: 204
      message: No Content
    headers:
      Date:
      - Wed, 22 Jun 2022 08:47:34 GMT
      Connection:
      - keep-alive
      Cf-Ray:
      - 71f3b84c3806edcf-CDG
      Strict-Transport-Security:
      - max-age=31536000; includeSubDomains; preload
      Cf-Cache-Status:
      - DYNAMIC
      Access-Control-Allow-Credentials:
      - 'false'
      Expect-Ct:
      - max-age=604800, report-uri="https://report-uri.cloudflare.com/cdn-cgi/beacon/expect-ct"
      X-Hubspot-Correlation-Id:
      - 9b363514-2c0f-46d5-b59a-daffb002be44
      X-Hubspot-Ratelimit-Daily:
      - '500000'
      X-Hubspot-Ratelimit-Daily-Remaining:
      - '498653'
      X-Hubspot-Ratelimit-Interval-Milliseconds:
      - '10000'
      X-Hubspot-Ratelimit-Max:
      - '150'
      X-Hubspot-Ratelimit-Remaining:
      - '122'
      X-Hubspot-Ratelimit-Secondly:
      - '15'
      X-Hubspot-Ratelimit-Secondly-Remaining:
      - '12'
      X-Trace:
      - 2B51A42A7D0400DB96190667D094CF05FC70567215000000000000000000
      Report-To:
      - '{"endpoints":[{"url":"https:\/\/a.nel.cloudflare.com\/report\/v3?s=BTBtkfvZgzu23WBrderqEz5Gc1Fz5MuezBkF%2B2n%2F%2BiiTin35%2B8eMA5ViBmlnwswax1%2B3Tb7%2Fn%2B7WsrHNltVI9bemBr0mExFDuKerzoLI1qANKjQjM0qB%2BTyCILYZEZ7s1s2ApBobDizxGz6q"}],"group":"cf-nel","max_age":604800}'
      Nel:
      - '{"success_fraction":0.01,"report_to":"cf-nel","max_age":604800}'
      Vary:
      - Accept-Encoding
      Server:
      - cloudflare
      Alt-Svc:
      - h3=":443"; ma=86400, h3-29=":443"; ma=86400
    body:
      encoding: UTF-8
      string: ''
  recorded_at: Wed, 22 Jun 2022 08:47:33 GMT
- request:
    method: delete
    uri: https://api.hubapi.com/properties/v1/companies/properties/named/fax_number?hapikey=<HAPI_KEY>
    body:
      encoding: US-ASCII
      string: ''
    headers:
      Accept-Encoding:
      - gzip;q=1.0,deflate;q=0.6,identity;q=0.3
      Accept:
      - "*/*"
      User-Agent:
      - Ruby
  response:
    status:
      code: 204
      message: No Content
    headers:
      Date:
      - Wed, 22 Jun 2022 08:47:34 GMT
      Connection:
      - keep-alive
      Cf-Ray:
      - 71f3b84e1c0b999e-CDG
      Strict-Transport-Security:
      - max-age=31536000; includeSubDomains; preload
      Cf-Cache-Status:
      - DYNAMIC
      Access-Control-Allow-Credentials:
      - 'false'
      Expect-Ct:
      - max-age=604800, report-uri="https://report-uri.cloudflare.com/cdn-cgi/beacon/expect-ct"
      X-Hubspot-Correlation-Id:
      - f5af3680-b26c-4734-ba86-f6cc82bf9da8
      X-Hubspot-Ratelimit-Daily:
      - '500000'
      X-Hubspot-Ratelimit-Daily-Remaining:
      - '498652'
      X-Hubspot-Ratelimit-Interval-Milliseconds:
      - '10000'
      X-Hubspot-Ratelimit-Max:
      - '150'
      X-Hubspot-Ratelimit-Remaining:
      - '121'
      X-Hubspot-Ratelimit-Secondly:
      - '15'
      X-Hubspot-Ratelimit-Secondly-Remaining:
      - '12'
      X-Trace:
      - 2B15991296BCEBC96CC16FDC0FCF459907D05BDAF7000000000000000000
      Report-To:
      - '{"endpoints":[{"url":"https:\/\/a.nel.cloudflare.com\/report\/v3?s=DlAAMGNkPavxCOdCJGQhz2bTWNqswA5ulIDZIcZr8Vsnl6eMQu96ZB8O1bQptWi9LvNfI5weSMSu1tPwpq6gpzv%2FNBQXn7V%2FT4gqZibtrTnvcyR8YNQJj5hAu27u4Q5i%2FxSlPGyPXA0Z5wZ%2F"}],"group":"cf-nel","max_age":604800}'
      Nel:
      - '{"success_fraction":0.01,"report_to":"cf-nel","max_age":604800}'
      Vary:
      - Accept-Encoding
      Server:
      - cloudflare
      Alt-Svc:
      - h3=":443"; ma=86400, h3-29=":443"; ma=86400
    body:
      encoding: UTF-8
      string: ''
  recorded_at: Wed, 22 Jun 2022 08:47:34 GMT
recorded_with: VCR 6.1.0
