---
http_interactions:
- request:
    method: post
    uri: https://api.hubapi.com/deals/v1/deal?hapikey=<HAPI_KEY>
    body:
      encoding: UTF-8
      string: '{"portalId":62515,"associations":{"associatedCompanyIds":[],"associatedVids":[]},"properties":[]}'
    headers:
      Content-Type:
      - application/json
      Accept-Encoding:
      - gzip;q=1.0,deflate;q=0.6,identity;q=0.3
      Accept:
      - "*/*"
      User-Agent:
      - Ruby
  response:
    status:
      code: 200
      message: OK
    headers:
      Date:
      - Wed, 22 Jun 2022 08:47:16 GMT
      Content-Type:
      - application/json;charset=utf-8
      Content-Length:
      - '525'
      Connection:
      - keep-alive
      Cf-Ray:
      - 71f3b7dd8a320482-CDG
      Strict-Transport-Security:
      - max-age=31536000; includeSubDomains; preload
      Vary:
      - Accept-Encoding
      Cf-Cache-Status:
      - DYNAMIC
      Access-Control-Allow-Credentials:
      - 'false'
      Expect-Ct:
      - max-age=604800, report-uri="https://report-uri.cloudflare.com/cdn-cgi/beacon/expect-ct"
      X-Hubspot-Correlation-Id:
      - b2f39f6b-9f16-4314-b07d-faf8836ef264
      X-Hubspot-Ratelimit-Daily:
      - '500000'
      X-Hubspot-Ratelimit-Daily-Remaining:
      - '498711'
      X-Hubspot-Ratelimit-Interval-Milliseconds:
      - '10000'
      X-Hubspot-Ratelimit-Max:
      - '150'
      X-Hubspot-Ratelimit-Remaining:
      - '144'
      X-Hubspot-Ratelimit-Secondly:
      - '15'
      X-Hubspot-Ratelimit-Secondly-Remaining:
      - '14'
      X-Trace:
      - 2BA380835C3150A91C33DEAA9678D6A5F833E70918000000000000000000
      Report-To:
      - '{"endpoints":[{"url":"https:\/\/a.nel.cloudflare.com\/report\/v3?s=9tbOdIe9d7tjbomHHVk5%2BpYdGObRNz5zagOqw5Vrh8r4GtDyau1oKV9vpDT72hq8S6ZNJsSw4BYYBxn99poIQ%2FdH22y4fOXOAJgxTSeBll31Kal%2Fq2sUJfUIYTkzEN0rJ6U2kXtEACw19qTH"}],"group":"cf-nel","max_age":604800}'
      Nel:
      - '{"success_fraction":0.01,"report_to":"cf-nel","max_age":604800}'
      Server:
      - cloudflare
      Alt-Svc:
      - h3=":443"; ma=86400, h3-29=":443"; ma=86400
    body:
      encoding: ASCII-8BIT
      string: '{"portalId":<PORTAL_ID>,"dealId":9270645839,"isDeleted":false,"associations":{"associatedVids":[],"associatedCompanyIds":[],"associatedDealIds":[],"associatedTicketIds":[]},"properties":{"hs_closed_amount_in_home_currency":{"value":"0","timestamp":1655887636165,"source":"CALCULATED","sourceId":"CalculatedPropertyComputer","updatedByUserId":null,"versions":[{"name":"hs_closed_amount_in_home_currency","value":"0","timestamp":1655887636165,"sourceId":"CalculatedPropertyComputer","source":"CALCULATED","sourceVid":[]}]},"hs_deal_stage_probability_shadow":{"value":"0","timestamp":1655887636165,"source":"CALCULATED","sourceId":"CalculatedPropertyComputer","updatedByUserId":null,"versions":[{"name":"hs_deal_stage_probability_shadow","value":"0","timestamp":1655887636165,"sourceId":"CalculatedPropertyComputer","source":"CALCULATED","sourceVid":[]}]},"hs_is_closed_won":{"value":"false","timestamp":1655887636165,"source":"CALCULATED","sourceId":"CalculatedPropertyComputer","updatedByUserId":null,"versions":[{"name":"hs_is_closed_won","value":"false","timestamp":1655887636165,"sourceId":"CalculatedPropertyComputer","source":"CALCULATED","sourceVid":[]}]},"hs_closed_amount":{"value":"0","timestamp":1655887636165,"source":"CALCULATED","sourceId":"CalculatedPropertyComputer","updatedByUserId":null,"versions":[{"name":"hs_closed_amount","value":"0","timestamp":1655887636165,"sourceId":"CalculatedPropertyComputer","source":"CALCULATED","sourceVid":[]}]},"hs_lastmodifieddate":{"value":"1655887636165","timestamp":1655887636165,"source":"CALCULATED","sourceId":null,"updatedByUserId":null,"versions":[{"name":"hs_lastmodifieddate","value":"1655887636165","timestamp":1655887636165,"source":"CALCULATED","sourceVid":[],"requestId":"b2f39f6b-9f16-4314-b07d-faf8836ef264"}]},"hs_createdate":{"value":"1655887636165","timestamp":1655887636165,"source":"API","sourceId":null,"updatedByUserId":null,"versions":[{"name":"hs_createdate","value":"1655887636165","timestamp":1655887636165,"source":"API","sourceVid":[],"requestId":"b2f39f6b-9f16-4314-b07d-faf8836ef264"}]},"hs_object_id":{"value":"9270645839","timestamp":1655887636165,"source":"API","sourceId":null,"updatedByUserId":null,"versions":[{"name":"hs_object_id","value":"9270645839","timestamp":1655887636165,"source":"API","sourceVid":[],"requestId":"b2f39f6b-9f16-4314-b07d-faf8836ef264"}]},"createdate":{"value":"1655887636165","timestamp":1655887636165,"source":"API","sourceId":null,"updatedByUserId":null,"versions":[{"name":"createdate","value":"1655887636165","timestamp":1655887636165,"source":"API","sourceVid":[],"requestId":"b2f39f6b-9f16-4314-b07d-faf8836ef264"}]},"hs_projected_amount":{"value":"0","timestamp":1655887636165,"source":"CALCULATED","sourceId":"CalculatedPropertyComputer","updatedByUserId":null,"versions":[{"name":"hs_projected_amount","value":"0","timestamp":1655887636165,"sourceId":"CalculatedPropertyComputer","source":"CALCULATED","sourceVid":[]}]},"hs_is_deal_split":{"value":"false","timestamp":1655887636165,"source":"CALCULATED","sourceId":"CalculatedPropertyComputer","updatedByUserId":null,"versions":[{"name":"hs_is_deal_split","value":"false","timestamp":1655887636165,"sourceId":"CalculatedPropertyComputer","source":"CALCULATED","sourceVid":[]}]},"days_to_close":{"value":"0","timestamp":1655887636165,"source":"CALCULATED","sourceId":"CalculatedPropertyComputer","updatedByUserId":null,"versions":[{"name":"days_to_close","value":"0","timestamp":1655887636165,"sourceId":"CalculatedPropertyComputer","source":"CALCULATED","sourceVid":[]}]},"hs_projected_amount_in_home_currency":{"value":"0","timestamp":1655887636165,"source":"CALCULATED","sourceId":"CalculatedPropertyComputer","updatedByUserId":null,"versions":[{"name":"hs_projected_amount_in_home_currency","value":"0","timestamp":1655887636165,"sourceId":"CalculatedPropertyComputer","source":"CALCULATED","sourceVid":[]}]}},"stateChanges":[]}'
  recorded_at: Wed, 22 Jun 2022 08:47:16 GMT
- request:
    method: post
    uri: https://api.hubapi.com/contacts/v1/contact?hapikey=<HAPI_KEY>
    body:
      encoding: UTF-8
      string: '{"properties":[{"property":"firstname","value":"Dino"},{"property":"lastname","value":"Johnston"},{"property":"email","value":"keith_wilderman@example.net"}]}'
    headers:
      Content-Type:
      - application/json
      Accept-Encoding:
      - gzip;q=1.0,deflate;q=0.6,identity;q=0.3
      Accept:
      - "*/*"
      User-Agent:
      - Ruby
  response:
    status:
      code: 200
      message: OK
    headers:
      Date:
      - Wed, 22 Jun 2022 08:47:16 GMT
      Content-Type:
      - application/json;charset=utf-8
      Content-Length:
      - '466'
      Connection:
      - keep-alive
      Cf-Ray:
      - 71f3b7decf8e3329-CDG
      Strict-Transport-Security:
      - max-age=31536000; includeSubDomains; preload
      Vary:
      - Accept-Encoding
      Cf-Cache-Status:
      - DYNAMIC
      Access-Control-Allow-Credentials:
      - 'false'
      Expect-Ct:
      - max-age=604800, report-uri="https://report-uri.cloudflare.com/cdn-cgi/beacon/expect-ct"
      X-Hubspot-Correlation-Id:
      - 2c601c41-1c5e-498e-824c-9f7f99782b82
      X-Hubspot-Ratelimit-Daily:
      - '500000'
      X-Hubspot-Ratelimit-Daily-Remaining:
      - '498710'
      X-Hubspot-Ratelimit-Interval-Milliseconds:
      - '10000'
      X-Hubspot-Ratelimit-Max:
      - '150'
      X-Hubspot-Ratelimit-Remaining:
      - '143'
      X-Hubspot-Ratelimit-Secondly:
      - '15'
      X-Hubspot-Ratelimit-Secondly-Remaining:
      - '14'
      X-Trace:
      - 2BE12A17BD5B4141D0265FB8EE752725FE53F4CE3D000000000000000000
      Report-To:
      - '{"endpoints":[{"url":"https:\/\/a.nel.cloudflare.com\/report\/v3?s=HVUdqusU1D52r8%2F7fqjTInquTyrRZliKDC8IFdXNMN%2BuyTtyIocjOHQcHgHnrXbZ29tsdGPCOX6Hon%2BWUoWzwXU6S05xvH3ZnnLJR%2F3XGjhTRQgJgpj9pyyrhAJD7HiOrURoyZcLhopMKHtf"}],"group":"cf-nel","max_age":604800}'
      Nel:
      - '{"success_fraction":0.01,"report_to":"cf-nel","max_age":604800}'
      Server:
      - cloudflare
      Alt-Svc:
      - h3=":443"; ma=86400, h3-29=":443"; ma=86400
    body:
      encoding: ASCII-8BIT
      string: '{"vid":66201,"canonical-vid":66201,"merged-vids":[],"portal-id":<PORTAL_ID>,"is-contact":true,"properties":{"firstname":{"value":"Dino","versions":[{"value":"Dino","source-type":"API","source-id":null,"source-label":null,"updated-by-user-id":null,"timestamp":1655887636384,"selected":false}]},"email":{"value":"keith_wilderman@example.net","versions":[{"value":"keith_wilderman@example.net","source-type":"API","source-id":null,"source-label":null,"updated-by-user-id":null,"timestamp":1655887636384,"selected":false}]},"lastname":{"value":"Johnston","versions":[{"value":"Johnston","source-type":"API","source-id":null,"source-label":null,"updated-by-user-id":null,"timestamp":1655887636384,"selected":false}]}},"form-submissions":[],"list-memberships":[],"identity-profiles":[{"vid":66201,"is-deleted":false,"is-contact":false,"pointer-vid":0,"previous-vid":0,"linked-vids":[],"saved-at-timestamp":0,"deleted-changed-timestamp":0,"identities":[{"type":"EMAIL","value":"keith_wilderman@example.net","timestamp":1655887636390,"is-primary":true,"source":"UNSPECIFIED"},{"type":"LEAD_GUID","value":"029992b4-eb15-4525-ac56-ef14d54f9727","timestamp":1655887636436,"source":"UNSPECIFIED"}]}],"merge-audits":[]}'
  recorded_at: Wed, 22 Jun 2022 08:47:16 GMT
- request:
    method: post
    uri: https://api.hubapi.com/contacts/v1/contact?hapikey=<HAPI_KEY>
    body:
      encoding: UTF-8
      string: '{"properties":[{"property":"firstname","value":"Tish"},{"property":"lastname","value":"Hackett"},{"property":"email","value":"ozell.jaskolski@example.com"}]}'
    headers:
      Content-Type:
      - application/json
      Accept-Encoding:
      - gzip;q=1.0,deflate;q=0.6,identity;q=0.3
      Accept:
      - "*/*"
      User-Agent:
      - Ruby
  response:
    status:
      code: 200
      message: OK
    headers:
      Date:
      - Wed, 22 Jun 2022 08:47:17 GMT
      Content-Type:
      - application/json;charset=utf-8
      Content-Length:
      - '464'
      Connection:
      - keep-alive
      Cf-Ray:
      - 71f3b7e14dd9408d-CDG
      Strict-Transport-Security:
      - max-age=31536000; includeSubDomains; preload
      Vary:
      - Accept-Encoding
      Cf-Cache-Status:
      - DYNAMIC
      Access-Control-Allow-Credentials:
      - 'false'
      Expect-Ct:
      - max-age=604800, report-uri="https://report-uri.cloudflare.com/cdn-cgi/beacon/expect-ct"
      X-Hubspot-Correlation-Id:
      - cda64e64-b32b-4456-b95b-4cf0ef5440e8
      X-Hubspot-Ratelimit-Daily:
      - '500000'
      X-Hubspot-Ratelimit-Daily-Remaining:
      - '498709'
      X-Hubspot-Ratelimit-Interval-Milliseconds:
      - '10000'
      X-Hubspot-Ratelimit-Max:
      - '150'
      X-Hubspot-Ratelimit-Remaining:
      - '142'
      X-Hubspot-Ratelimit-Secondly:
      - '15'
      X-Hubspot-Ratelimit-Secondly-Remaining:
      - '14'
      X-Trace:
      - 2BFFBB267B0136BDC045C4EFBB006949E8FA9F8CDD000000000000000000
      Report-To:
      - '{"endpoints":[{"url":"https:\/\/a.nel.cloudflare.com\/report\/v3?s=UU2euiln%2F%2BRrvdxIdKgNlBvbjmBl2CQPz9x%2FUK14F%2FjQsV73qFRoS%2BvmZ%2FpjNUIdR%2BihBPnHzssQwiBJdnMTWUupjKJ1BFuL%2BZ85HpOAjZiRkHNQ7PypEV6KYQexjQiFc8IIyE6pYP1f%2B7u9"}],"group":"cf-nel","max_age":604800}'
      Nel:
      - '{"success_fraction":0.01,"report_to":"cf-nel","max_age":604800}'
      Server:
      - cloudflare
      Alt-Svc:
      - h3=":443"; ma=86400, h3-29=":443"; ma=86400
    body:
      encoding: ASCII-8BIT
      string: '{"vid":66251,"canonical-vid":66251,"merged-vids":[],"portal-id":<PORTAL_ID>,"is-contact":true,"properties":{"firstname":{"value":"Tish","versions":[{"value":"Tish","source-type":"API","source-id":null,"source-label":null,"updated-by-user-id":null,"timestamp":1655887636815,"selected":false}]},"email":{"value":"ozell.jaskolski@example.com","versions":[{"value":"ozell.jaskolski@example.com","source-type":"API","source-id":null,"source-label":null,"updated-by-user-id":null,"timestamp":1655887636815,"selected":false}]},"lastname":{"value":"Hackett","versions":[{"value":"Hackett","source-type":"API","source-id":null,"source-label":null,"updated-by-user-id":null,"timestamp":1655887636815,"selected":false}]}},"form-submissions":[],"list-memberships":[],"identity-profiles":[{"vid":66251,"is-deleted":false,"is-contact":false,"pointer-vid":0,"previous-vid":0,"linked-vids":[],"saved-at-timestamp":0,"deleted-changed-timestamp":0,"identities":[{"type":"EMAIL","value":"ozell.jaskolski@example.com","timestamp":1655887636821,"is-primary":true,"source":"UNSPECIFIED"},{"type":"LEAD_GUID","value":"d17b20e5-8ad0-487e-9074-a1c34d4a066b","timestamp":1655887636840,"source":"UNSPECIFIED"}]}],"merge-audits":[]}'
  recorded_at: Wed, 22 Jun 2022 08:47:16 GMT
- request:
    method: post
    uri: https://api.hubapi.com/crm/v4/associations/Deal/Contact/batch/create?hapikey=<HAPI_KEY>
    body:
      encoding: UTF-8
      string: '{"inputs":[{"from":{"id":9270645839},"to":{"id":66201},"types":[{"associationCategory":"HUBSPOT_DEFINED","associationTypeId":3}]},{"from":{"id":9270645839},"to":{"id":66251},"types":[{"associationCategory":"HUBSPOT_DEFINED","associationTypeId":3}]}]}'
    headers:
      Content-Type:
      - application/json
      Accept-Encoding:
      - gzip;q=1.0,deflate;q=0.6,identity;q=0.3
      Accept:
      - "*/*"
      User-Agent:
      - Ruby
  response:
    status:
      code: 201
      message: Created
    headers:
      Date:
      - Wed, 22 Jun 2022 08:47:17 GMT
      Content-Type:
      - application/json;charset=utf-8
      Content-Length:
      - '174'
      Connection:
      - keep-alive
      Cf-Ray:
      - 71f3b7e3ad60ee23-CDG
      Strict-Transport-Security:
      - max-age=31536000; includeSubDomains; preload
      Vary:
      - Accept-Encoding
      Cf-Cache-Status:
      - DYNAMIC
      Access-Control-Allow-Credentials:
      - 'false'
      Expect-Ct:
      - max-age=604800, report-uri="https://report-uri.cloudflare.com/cdn-cgi/beacon/expect-ct"
      X-Hubspot-Correlation-Id:
      - fc5f66da-2a21-41cd-895a-1ac1ed886d6c
      X-Hubspot-Ratelimit-Daily:
      - '500000'
      X-Hubspot-Ratelimit-Daily-Remaining:
      - '498708'
      X-Hubspot-Ratelimit-Interval-Milliseconds:
      - '10000'
      X-Hubspot-Ratelimit-Max:
      - '150'
      X-Hubspot-Ratelimit-Remaining:
      - '141'
      X-Hubspot-Ratelimit-Secondly:
      - '15'
      X-Hubspot-Ratelimit-Secondly-Remaining:
      - '14'
      X-Trace:
      - 2BFD3318AB0163AB5994EC73B3015E3752562DCA69000000000000000000
      Report-To:
      - '{"endpoints":[{"url":"https:\/\/a.nel.cloudflare.com\/report\/v3?s=gm47pI1TddMGo1LB0AAJcowC9ILLwfY0fQ5%2BdybILnS9aZ2ydQdNcJ%2Bh6hkHauRLImrDZfBWFKGtA9A94dzrj1IGb9p9KveHxQtsGh%2FmfqJKV1r8Ghu5NBzhlvCRBRC3AYpSwhUWcU4aAdIm"}],"group":"cf-nel","max_age":604800}'
      Nel:
      - '{"success_fraction":0.01,"report_to":"cf-nel","max_age":604800}'
      Server:
      - cloudflare
      Alt-Svc:
      - h3=":443"; ma=86400, h3-29=":443"; ma=86400
    body:
      encoding: ASCII-8BIT
      string: '{"status":"COMPLETE","results":[{"fromObjectTypeId":"0-3","fromObjectId":9270645839,"toObjectTypeId":"0-1","toObjectId":66201,"labels":[]},{"fromObjectTypeId":"0-3","fromObjectId":9270645839,"toObjectTypeId":"0-1","toObjectId":66251,"labels":[]}],"startedAt":"2022-06-22T08:47:17.150Z","completedAt":"2022-06-22T08:47:17.213Z"}'
  recorded_at: Wed, 22 Jun 2022 08:47:17 GMT
- request:
    method: get
    uri: https://api.hubapi.com/deals/v1/deal/9270645839?hapikey=<HAPI_KEY>
    body:
      encoding: US-ASCII
      string: ''
    headers:
      Accept-Encoding:
      - gzip;q=1.0,deflate;q=0.6,identity;q=0.3
      Accept:
      - "*/*"
      User-Agent:
      - Ruby
  response:
    status:
      code: 200
      message: OK
    headers:
      Date:
      - Wed, 22 Jun 2022 08:47:17 GMT
      Content-Type:
      - application/json;charset=utf-8
      Content-Length:
      - '598'
      Connection:
      - keep-alive
      Cf-Ray:
      - 71f3b7e52a1c99ba-CDG
      Strict-Transport-Security:
      - max-age=31536000; includeSubDomains; preload
      Vary:
      - Accept-Encoding
      Cf-Cache-Status:
      - DYNAMIC
      Access-Control-Allow-Credentials:
      - 'false'
      Expect-Ct:
      - max-age=604800, report-uri="https://report-uri.cloudflare.com/cdn-cgi/beacon/expect-ct"
      X-Hubspot-Correlation-Id:
      - 5d5b1ba2-920c-46de-935e-bed0cbe0c944
      X-Hubspot-Ratelimit-Daily:
      - '500000'
      X-Hubspot-Ratelimit-Daily-Remaining:
      - '498707'
      X-Hubspot-Ratelimit-Interval-Milliseconds:
      - '10000'
      X-Hubspot-Ratelimit-Max:
      - '150'
      X-Hubspot-Ratelimit-Remaining:
      - '140'
      X-Hubspot-Ratelimit-Secondly:
      - '15'
      X-Hubspot-Ratelimit-Secondly-Remaining:
      - '14'
      X-Trace:
      - 2B9DC489F3E7815195F38346022B787F1D20B0CCE3000000000000000000
      Report-To:
      - '{"endpoints":[{"url":"https:\/\/a.nel.cloudflare.com\/report\/v3?s=6o%2FL3rYI7GafOeFK2K7JtOPH%2FKGaSbSmfUh1fKCl1iAbWtIVDjhzLkAdzsdSdUK8xRJLmOeK2ZtKAaDMAlvBEMhqD7XdeMychk4CmdVHcINFYU9YYjtnawVm1tcQhdB8Dxor5si%2Bt%2B1lkK7d"}],"group":"cf-nel","max_age":604800}'
      Nel:
      - '{"success_fraction":0.01,"report_to":"cf-nel","max_age":604800}'
      Server:
      - cloudflare
      Alt-Svc:
      - h3=":443"; ma=86400, h3-29=":443"; ma=86400
    body:
      encoding: ASCII-8BIT
      string: '{"portalId":<PORTAL_ID>,"dealId":9270645839,"isDeleted":false,"associations":{"associatedVids":[66201,66251],"associatedCompanyIds":[],"associatedDealIds":[],"associatedTicketIds":[]},"properties":{"hs_closed_amount_in_home_currency":{"value":"0","timestamp":1655887636165,"source":"CALCULATED","sourceId":"CalculatedPropertyComputer","updatedByUserId":null,"versions":[{"name":"hs_closed_amount_in_home_currency","value":"0","timestamp":1655887636165,"sourceId":"CalculatedPropertyComputer","source":"CALCULATED","sourceVid":[]}]},"hs_is_closed_won":{"value":"false","timestamp":1655887636165,"source":"CALCULATED","sourceId":"CalculatedPropertyComputer","updatedByUserId":null,"versions":[{"name":"hs_is_closed_won","value":"false","timestamp":1655887636165,"sourceId":"CalculatedPropertyComputer","source":"CALCULATED","sourceVid":[]}]},"createdate":{"value":"1655887636165","timestamp":1655887636165,"source":"API","sourceId":null,"updatedByUserId":null,"versions":[{"name":"createdate","value":"1655887636165","timestamp":1655887636165,"source":"API","sourceVid":[],"requestId":"b2f39f6b-9f16-4314-b07d-faf8836ef264"}]},"hs_deal_stage_probability":{"value":"0","timestamp":1655887636502,"source":"CALCULATED","sourceId":"DealStageProbabilityHandler","updatedByUserId":null,"versions":[{"name":"hs_deal_stage_probability","value":"0","timestamp":1655887636502,"sourceId":"DealStageProbabilityHandler","source":"CALCULATED","sourceVid":[]}]},"days_to_close":{"value":"0","timestamp":1655887636165,"source":"CALCULATED","sourceId":"CalculatedPropertyComputer","updatedByUserId":null,"versions":[{"name":"days_to_close","value":"0","timestamp":1655887636165,"sourceId":"CalculatedPropertyComputer","source":"CALCULATED","sourceVid":[]}]},"hs_deal_stage_probability_shadow":{"value":"0","timestamp":1655887636165,"source":"CALCULATED","sourceId":"CalculatedPropertyComputer","updatedByUserId":null,"versions":[{"name":"hs_deal_stage_probability_shadow","value":"0","timestamp":1655887636165,"sourceId":"CalculatedPropertyComputer","source":"CALCULATED","sourceVid":[]}]},"hs_closed_amount":{"value":"0","timestamp":1655887636165,"source":"CALCULATED","sourceId":"CalculatedPropertyComputer","updatedByUserId":null,"versions":[{"name":"hs_closed_amount","value":"0","timestamp":1655887636165,"sourceId":"CalculatedPropertyComputer","source":"CALCULATED","sourceVid":[]}]},"hs_lastmodifieddate":{"value":"1655887636502","timestamp":1655887636502,"source":"CALCULATED","sourceId":"DealStageProbabilityHandler","updatedByUserId":null,"versions":[{"name":"hs_lastmodifieddate","value":"1655887636502","timestamp":1655887636502,"sourceId":"DealStageProbabilityHandler","source":"CALCULATED","sourceVid":[]}]},"hs_createdate":{"value":"1655887636165","timestamp":1655887636165,"source":"API","sourceId":null,"updatedByUserId":null,"versions":[{"name":"hs_createdate","value":"1655887636165","timestamp":1655887636165,"source":"API","sourceVid":[],"requestId":"b2f39f6b-9f16-4314-b07d-faf8836ef264"}]},"hs_object_id":{"value":"9270645839","timestamp":1655887636165,"source":"API","sourceId":null,"updatedByUserId":null,"versions":[{"name":"hs_object_id","value":"9270645839","timestamp":1655887636165,"source":"API","sourceVid":[],"requestId":"b2f39f6b-9f16-4314-b07d-faf8836ef264"}]},"hs_projected_amount":{"value":"","timestamp":1655887636502,"source":"CALCULATED","sourceId":"CalculatedPropertyComputer","updatedByUserId":null,"versions":[{"name":"hs_projected_amount","value":"","timestamp":1655887636502,"sourceId":"CalculatedPropertyComputer","source":"CALCULATED","sourceVid":[]}]},"hs_is_deal_split":{"value":"false","timestamp":1655887636165,"source":"CALCULATED","sourceId":"CalculatedPropertyComputer","updatedByUserId":null,"versions":[{"name":"hs_is_deal_split","value":"false","timestamp":1655887636165,"sourceId":"CalculatedPropertyComputer","source":"CALCULATED","sourceVid":[]}]},"hs_projected_amount_in_home_currency":{"value":"","timestamp":1655887636502,"source":"CALCULATED","sourceId":"CalculatedPropertyComputer","updatedByUserId":null,"versions":[{"name":"hs_projected_amount_in_home_currency","value":"","timestamp":1655887636502,"sourceId":"CalculatedPropertyComputer","source":"CALCULATED","sourceVid":[]}]}},"stateChanges":[]}'
  recorded_at: Wed, 22 Jun 2022 08:47:17 GMT
- request:
    method: post
    uri: https://api.hubapi.com/deals/v1/deal
    body:
      encoding: UTF-8
      string: '{"portalId":62515,"associations":{"associatedCompanyIds":[],"associatedVids":[]},"properties":[]}'
    headers:
      Authorization:
      - Bearer <ACCESS_TOKEN>
      Content-Type:
      - application/json
      Accept-Encoding:
      - gzip;q=1.0,deflate;q=0.6,identity;q=0.3
      Accept:
      - "*/*"
      User-Agent:
      - Ruby
  response:
    status:
      code: 200
      message: OK
    headers:
      Date:
      - Tue, 02 Aug 2022 14:50:19 GMT
      Content-Type:
      - application/json;charset=utf-8
      Content-Length:
      - '541'
      Connection:
      - keep-alive
      Cf-Ray:
      - 7347a00e2fa808a3-CDG
      Strict-Transport-Security:
      - max-age=31536000; includeSubDomains; preload
      Vary:
      - Accept-Encoding
      Cf-Cache-Status:
      - DYNAMIC
      Access-Control-Allow-Credentials:
      - 'false'
      Expect-Ct:
      - max-age=604800, report-uri="https://report-uri.cloudflare.com/cdn-cgi/beacon/expect-ct"
      X-Hubspot-Correlation-Id:
      - c3ea9b4c-b5e3-4237-b777-7b6edaa1504b
      X-Hubspot-Ratelimit-Daily:
      - '250000'
      X-Hubspot-Ratelimit-Daily-Remaining:
      - '249994'
      X-Hubspot-Ratelimit-Interval-Milliseconds:
      - '10000'
      X-Hubspot-Ratelimit-Max:
      - '100'
      X-Hubspot-Ratelimit-Remaining:
      - '94'
      X-Hubspot-Ratelimit-Secondly:
      - '10'
      X-Hubspot-Ratelimit-Secondly-Remaining:
      - '9'
      X-Trace:
      - 2BAF2AB8774D421D09B0DDAF162F12FEDAAE20716C000000000000000000
      Report-To:
      - '{"endpoints":[{"url":"https:\/\/a.nel.cloudflare.com\/report\/v3?s=ihjbIVDOIywSH5CBBvBu1XbEJ3vW1s0xLjfE3xZRFWBHP16avG1hztWANq8YPLeEYoZDimBGDeLy1SMF8R3ZKdXGhWuAETufZ2oKuNdpcu0aERu41sbNuzCkytjMy5MJ%2BbEY0ulhZR1YxQfQ"}],"group":"cf-nel","max_age":604800}'
      Nel:
      - '{"success_fraction":0.01,"report_to":"cf-nel","max_age":604800}'
      Server:
      - cloudflare
      Alt-Svc:
      - h3=":443"; ma=86400, h3-29=":443"; ma=86400
    body:
      encoding: ASCII-8BIT
      string: '{"portalId":<PORTAL_ID>,"dealId":9678257716,"isDeleted":false,"associations":{"associatedVids":[],"associatedCompanyIds":[],"associatedDealIds":[],"associatedTicketIds":[]},"properties":{"hs_closed_amount_in_home_currency":{"value":"0","timestamp":1659451819345,"source":"CALCULATED","sourceId":"CalculatedPropertyComputer","updatedByUserId":null,"versions":[{"name":"hs_closed_amount_in_home_currency","value":"0","timestamp":1659451819345,"sourceId":"CalculatedPropertyComputer","source":"CALCULATED","sourceVid":[]}]},"hs_deal_stage_probability_shadow":{"value":"0","timestamp":1659451819345,"source":"CALCULATED","sourceId":"CalculatedPropertyComputer","updatedByUserId":null,"versions":[{"name":"hs_deal_stage_probability_shadow","value":"0","timestamp":1659451819345,"sourceId":"CalculatedPropertyComputer","source":"CALCULATED","sourceVid":[]}]},"hs_is_closed_won":{"value":"false","timestamp":1659451819345,"source":"CALCULATED","sourceId":"CalculatedPropertyComputer","updatedByUserId":null,"versions":[{"name":"hs_is_closed_won","value":"false","timestamp":1659451819345,"sourceId":"CalculatedPropertyComputer","source":"CALCULATED","sourceVid":[]}]},"hs_closed_amount":{"value":"0","timestamp":1659451819345,"source":"CALCULATED","sourceId":"CalculatedPropertyComputer","updatedByUserId":null,"versions":[{"name":"hs_closed_amount","value":"0","timestamp":1659451819345,"sourceId":"CalculatedPropertyComputer","source":"CALCULATED","sourceVid":[]}]},"hs_lastmodifieddate":{"value":"1659451819345","timestamp":1659451819345,"source":"CALCULATED","sourceId":"1024738","updatedByUserId":null,"versions":[{"name":"hs_lastmodifieddate","value":"1659451819345","timestamp":1659451819345,"sourceId":"1024738","source":"CALCULATED","sourceVid":[],"requestId":"c3ea9b4c-b5e3-4237-b777-7b6edaa1504b"}]},"hs_createdate":{"value":"1659451819345","timestamp":1659451819345,"source":"INTEGRATION","sourceId":"1024738","updatedByUserId":null,"versions":[{"name":"hs_createdate","value":"1659451819345","timestamp":1659451819345,"sourceId":"1024738","source":"INTEGRATION","sourceVid":[],"requestId":"c3ea9b4c-b5e3-4237-b777-7b6edaa1504b"}]},"hs_object_id":{"value":"9678257716","timestamp":1659451819345,"source":"INTEGRATION","sourceId":"1024738","updatedByUserId":null,"versions":[{"name":"hs_object_id","value":"9678257716","timestamp":1659451819345,"sourceId":"1024738","source":"INTEGRATION","sourceVid":[],"requestId":"c3ea9b4c-b5e3-4237-b777-7b6edaa1504b"}]},"createdate":{"value":"1659451819345","timestamp":1659451819345,"source":"INTEGRATION","sourceId":"1024738","updatedByUserId":null,"versions":[{"name":"createdate","value":"1659451819345","timestamp":1659451819345,"sourceId":"1024738","source":"INTEGRATION","sourceVid":[],"requestId":"c3ea9b4c-b5e3-4237-b777-7b6edaa1504b"}]},"hs_projected_amount":{"value":"0","timestamp":1659451819345,"source":"CALCULATED","sourceId":"CalculatedPropertyComputer","updatedByUserId":null,"versions":[{"name":"hs_projected_amount","value":"0","timestamp":1659451819345,"sourceId":"CalculatedPropertyComputer","source":"CALCULATED","sourceVid":[]}]},"hs_is_deal_split":{"value":"false","timestamp":1659451819345,"source":"CALCULATED","sourceId":"CalculatedPropertyComputer","updatedByUserId":null,"versions":[{"name":"hs_is_deal_split","value":"false","timestamp":1659451819345,"sourceId":"CalculatedPropertyComputer","source":"CALCULATED","sourceVid":[]}]},"days_to_close":{"value":"0","timestamp":1659451819345,"source":"CALCULATED","sourceId":"CalculatedPropertyComputer","updatedByUserId":null,"versions":[{"name":"days_to_close","value":"0","timestamp":1659451819345,"sourceId":"CalculatedPropertyComputer","source":"CALCULATED","sourceVid":[]}]},"hs_projected_amount_in_home_currency":{"value":"0","timestamp":1659451819345,"source":"CALCULATED","sourceId":"CalculatedPropertyComputer","updatedByUserId":null,"versions":[{"name":"hs_projected_amount_in_home_currency","value":"0","timestamp":1659451819345,"sourceId":"CalculatedPropertyComputer","source":"CALCULATED","sourceVid":[]}]}},"stateChanges":[]}'
  recorded_at: Tue, 02 Aug 2022 14:50:19 GMT
- request:
    method: post
    uri: https://api.hubapi.com/contacts/v1/contact
    body:
      encoding: UTF-8
      string: '{"properties":[{"property":"firstname","value":"Gale"},{"property":"lastname","value":"Stark"},{"property":"email","value":"evelia.nikolaus@example.org"}]}'
    headers:
      Authorization:
      - Bearer <ACCESS_TOKEN>
      Content-Type:
      - application/json
      Accept-Encoding:
      - gzip;q=1.0,deflate;q=0.6,identity;q=0.3
      Accept:
      - "*/*"
      User-Agent:
      - Ruby
  response:
    status:
      code: 200
      message: OK
    headers:
      Date:
      - Tue, 02 Aug 2022 14:50:20 GMT
      Content-Type:
      - application/json;charset=utf-8
      Content-Length:
      - '479'
      Connection:
      - keep-alive
      Cf-Ray:
      - 7347a01138c73b55-CDG
      Strict-Transport-Security:
      - max-age=31536000; includeSubDomains; preload
      Vary:
      - Accept-Encoding
      Cf-Cache-Status:
      - DYNAMIC
      Access-Control-Allow-Credentials:
      - 'false'
      Expect-Ct:
      - max-age=604800, report-uri="https://report-uri.cloudflare.com/cdn-cgi/beacon/expect-ct"
      X-Hubspot-Correlation-Id:
      - 3983b288-9519-43e4-83fb-a08c6b19c28a
      X-Hubspot-Ratelimit-Daily:
      - '250000'
      X-Hubspot-Ratelimit-Daily-Remaining:
      - '249993'
      X-Hubspot-Ratelimit-Interval-Milliseconds:
      - '10000'
      X-Hubspot-Ratelimit-Max:
      - '100'
      X-Hubspot-Ratelimit-Remaining:
      - '93'
      X-Hubspot-Ratelimit-Secondly:
      - '10'
      X-Hubspot-Ratelimit-Secondly-Remaining:
      - '9'
      X-Trace:
      - 2BA67601491BCD870D3FCC260C7575F5BD790B1DA4000000000000000000
      Report-To:
      - '{"endpoints":[{"url":"https:\/\/a.nel.cloudflare.com\/report\/v3?s=Cw%2FmlAQ1Fg0ODKvD%2FtmkbIK1JHTRdJlkwpUK76LWTXVpU9tCFYE0iWWt6UiFSp%2Bc0AtrYaEKZQJXjz%2BGHhL4b%2Fstu7lPhGYb3mO13AetXoj1kDav5N9mjHEChUtTqy%2Fp0oGbuWPAFFMpj2Hd"}],"group":"cf-nel","max_age":604800}'
      Nel:
      - '{"success_fraction":0.01,"report_to":"cf-nel","max_age":604800}'
      Server:
      - cloudflare
      Alt-Svc:
      - h3=":443"; ma=86400, h3-29=":443"; ma=86400
    body:
      encoding: ASCII-8BIT
      string: '{"vid":157351,"canonical-vid":157351,"merged-vids":[],"portal-id":<PORTAL_ID>,"is-contact":true,"properties":{"firstname":{"value":"Gale","versions":[{"value":"Gale","source-type":"INTEGRATION","source-id":"1024738","source-label":null,"updated-by-user-id":null,"timestamp":1659451819806,"selected":false}]},"email":{"value":"evelia.nikolaus@example.org","versions":[{"value":"evelia.nikolaus@example.org","source-type":"INTEGRATION","source-id":"1024738","source-label":null,"updated-by-user-id":null,"timestamp":1659451819806,"selected":false}]},"lastname":{"value":"Stark","versions":[{"value":"Stark","source-type":"INTEGRATION","source-id":"1024738","source-label":null,"updated-by-user-id":null,"timestamp":1659451819806,"selected":false}]}},"form-submissions":[],"list-memberships":[],"identity-profiles":[{"vid":157351,"is-deleted":false,"is-contact":false,"pointer-vid":0,"previous-vid":0,"linked-vids":[],"saved-at-timestamp":0,"deleted-changed-timestamp":0,"identities":[{"type":"EMAIL","value":"evelia.nikolaus@example.org","timestamp":1659451819816,"is-primary":true,"source":"UNSPECIFIED"},{"type":"LEAD_GUID","value":"f3047ee3-208f-451b-9b52-723b990ab42c","timestamp":1659451819894,"source":"UNSPECIFIED"}]}],"merge-audits":[]}'
  recorded_at: Tue, 02 Aug 2022 14:50:20 GMT
- request:
    method: post
    uri: https://api.hubapi.com/contacts/v1/contact
    body:
      encoding: UTF-8
      string: '{"properties":[{"property":"firstname","value":"Tommie"},{"property":"lastname","value":"Cummings"},{"property":"email","value":"brent@example.org"}]}'
    headers:
      Authorization:
      - Bearer <ACCESS_TOKEN>
      Content-Type:
      - application/json
      Accept-Encoding:
      - gzip;q=1.0,deflate;q=0.6,identity;q=0.3
      Accept:
      - "*/*"
      User-Agent:
      - Ruby
  response:
    status:
      code: 200
      message: OK
    headers:
      Date:
      - Tue, 02 Aug 2022 14:50:21 GMT
      Content-Type:
      - application/json;charset=utf-8
      Content-Length:
      - '476'
      Connection:
      - keep-alive
      Cf-Ray:
      - 7347a014ab464069-CDG
      Strict-Transport-Security:
      - max-age=31536000; includeSubDomains; preload
      Vary:
      - Accept-Encoding
      Cf-Cache-Status:
      - DYNAMIC
      Access-Control-Allow-Credentials:
      - 'false'
      Expect-Ct:
      - max-age=604800, report-uri="https://report-uri.cloudflare.com/cdn-cgi/beacon/expect-ct"
      X-Hubspot-Correlation-Id:
      - 036fa1d2-d980-4652-a423-5702d0d0ed91
      X-Hubspot-Ratelimit-Daily:
      - '250000'
      X-Hubspot-Ratelimit-Daily-Remaining:
      - '249992'
      X-Hubspot-Ratelimit-Interval-Milliseconds:
      - '10000'
      X-Hubspot-Ratelimit-Max:
      - '100'
      X-Hubspot-Ratelimit-Remaining:
      - '92'
      X-Hubspot-Ratelimit-Secondly:
      - '10'
      X-Hubspot-Ratelimit-Secondly-Remaining:
      - '9'
      X-Trace:
      - 2BB5DD365524B9C23F696211CC1C1CE71F33284B40000000000000000000
      Report-To:
      - '{"endpoints":[{"url":"https:\/\/a.nel.cloudflare.com\/report\/v3?s=8hfG7mUDeD%2F9oF2dhHXrtCbldVgLlkBvw%2Fygpg0y2aL5pXX6trJp0xLoRxPrRNTWbwR%2Fy9SMgyVboQwvTmf5RzwvGBzzO4%2F7TVEZ0ZmGThmgSzlLyuBpAjtUPTNCqK8wr9ZIe5PMe5g%2BCz%2FM"}],"group":"cf-nel","max_age":604800}'
      Nel:
      - '{"success_fraction":0.01,"report_to":"cf-nel","max_age":604800}'
      Server:
      - cloudflare
      Alt-Svc:
      - h3=":443"; ma=86400, h3-29=":443"; ma=86400
    body:
      encoding: ASCII-8BIT
      string: '{"vid":157401,"canonical-vid":157401,"merged-vids":[],"portal-id":<PORTAL_ID>,"is-contact":true,"properties":{"firstname":{"value":"Tommie","versions":[{"value":"Tommie","source-type":"INTEGRATION","source-id":"1024738","source-label":null,"updated-by-user-id":null,"timestamp":1659451820366,"selected":false}]},"email":{"value":"brent@example.org","versions":[{"value":"brent@example.org","source-type":"INTEGRATION","source-id":"1024738","source-label":null,"updated-by-user-id":null,"timestamp":1659451820366,"selected":false}]},"lastname":{"value":"Cummings","versions":[{"value":"Cummings","source-type":"INTEGRATION","source-id":"1024738","source-label":null,"updated-by-user-id":null,"timestamp":1659451820366,"selected":false}]}},"form-submissions":[],"list-memberships":[],"identity-profiles":[{"vid":157401,"is-deleted":false,"is-contact":false,"pointer-vid":0,"previous-vid":0,"linked-vids":[],"saved-at-timestamp":0,"deleted-changed-timestamp":0,"identities":[{"type":"EMAIL","value":"brent@example.org","timestamp":1659451820799,"is-primary":true,"source":"UNSPECIFIED"},{"type":"LEAD_GUID","value":"9424ad02-56ed-47a5-bec9-1052c6cf12a4","timestamp":1659451820889,"source":"UNSPECIFIED"}]}],"merge-audits":[]}'
  recorded_at: Tue, 02 Aug 2022 14:50:21 GMT
- request:
    method: post
    uri: https://api.hubapi.com/crm/v4/associations/Deal/Contact/batch/create
    body:
      encoding: UTF-8
      string: '{"inputs":[{"from":{"id":9678257716},"to":{"id":157351},"types":[{"associationCategory":"HUBSPOT_DEFINED","associationTypeId":3}]},{"from":{"id":9678257716},"to":{"id":157401},"types":[{"associationCategory":"HUBSPOT_DEFINED","associationTypeId":3}]}]}'
    headers:
      Authorization:
      - Bearer <ACCESS_TOKEN>
      Content-Type:
      - application/json
      Accept-Encoding:
      - gzip;q=1.0,deflate;q=0.6,identity;q=0.3
      Accept:
      - "*/*"
      User-Agent:
      - Ruby
  response:
    status:
      code: 201
      message: Created
    headers:
      Date:
      - Tue, 02 Aug 2022 14:50:21 GMT
      Content-Type:
      - application/json;charset=utf-8
      Content-Length:
      - '175'
      Connection:
      - keep-alive
      Cf-Ray:
      - 7347a01b9bb9eda3-CDG
      Strict-Transport-Security:
      - max-age=31536000; includeSubDomains; preload
      Vary:
      - Accept-Encoding
      Cf-Cache-Status:
      - DYNAMIC
      Access-Control-Allow-Credentials:
      - 'false'
      Expect-Ct:
      - max-age=604800, report-uri="https://report-uri.cloudflare.com/cdn-cgi/beacon/expect-ct"
      X-Hubspot-Correlation-Id:
      - 0c777b70-78b7-4dba-b6b8-7c8ba0998baa
      X-Hubspot-Ratelimit-Daily:
      - '250000'
      X-Hubspot-Ratelimit-Daily-Remaining:
      - '249991'
      X-Hubspot-Ratelimit-Interval-Milliseconds:
      - '10000'
      X-Hubspot-Ratelimit-Max:
      - '100'
      X-Hubspot-Ratelimit-Remaining:
      - '91'
      X-Hubspot-Ratelimit-Secondly:
      - '10'
      X-Hubspot-Ratelimit-Secondly-Remaining:
      - '9'
      X-Trace:
      - 2BF97FC583401A61614B87D93B14F6BB7F65BEEBCE000000000000000000
      Report-To:
      - '{"endpoints":[{"url":"https:\/\/a.nel.cloudflare.com\/report\/v3?s=iWSjGRnBtLSVScW7A2EcgZQKZeTBn5M0w73QhIV8rMws5F8uvfg97fFVajJYprZt0JV%2F%2FIcrtoRadYdMu7ST6QXM1g7BJM5XvWT9B4dtYlScwZO5EETujKt6LkdYvs%2FiqrTfdBP5yC6Ktx0%2B"}],"group":"cf-nel","max_age":604800}'
      Nel:
      - '{"success_fraction":0.01,"report_to":"cf-nel","max_age":604800}'
      Server:
      - cloudflare
      Alt-Svc:
      - h3=":443"; ma=86400, h3-29=":443"; ma=86400
    body:
      encoding: ASCII-8BIT
      string: '{"status":"COMPLETE","results":[{"fromObjectTypeId":"0-3","fromObjectId":9678257716,"toObjectTypeId":"0-1","toObjectId":157401,"labels":[]},{"fromObjectTypeId":"0-3","fromObjectId":9678257716,"toObjectTypeId":"0-1","toObjectId":157351,"labels":[]}],"startedAt":"2022-08-02T14:50:21.457Z","completedAt":"2022-08-02T14:50:21.517Z"}'
  recorded_at: Tue, 02 Aug 2022 14:50:21 GMT
- request:
    method: get
    uri: https://api.hubapi.com/deals/v1/deal/9678257716
    body:
      encoding: US-ASCII
      string: ''
    headers:
      Authorization:
      - Bearer <ACCESS_TOKEN>
      Accept-Encoding:
      - gzip;q=1.0,deflate;q=0.6,identity;q=0.3
      Accept:
      - "*/*"
      User-Agent:
      - Ruby
  response:
    status:
      code: 200
      message: OK
    headers:
      Date:
      - Tue, 02 Aug 2022 14:50:21 GMT
      Content-Type:
      - application/json;charset=utf-8
      Content-Length:
      - '619'
      Connection:
      - keep-alive
      Cf-Ray:
      - 7347a01d1bdfcd8f-CDG
      Strict-Transport-Security:
      - max-age=31536000; includeSubDomains; preload
      Vary:
      - Accept-Encoding
      Cf-Cache-Status:
      - DYNAMIC
      Access-Control-Allow-Credentials:
      - 'false'
      Expect-Ct:
      - max-age=604800, report-uri="https://report-uri.cloudflare.com/cdn-cgi/beacon/expect-ct"
      X-Hubspot-Correlation-Id:
      - 2465d59f-d5de-4e6a-82ad-afeba7cb6e26
      X-Hubspot-Ratelimit-Daily:
      - '250000'
      X-Hubspot-Ratelimit-Daily-Remaining:
      - '249990'
      X-Hubspot-Ratelimit-Interval-Milliseconds:
      - '10000'
      X-Hubspot-Ratelimit-Max:
      - '100'
      X-Hubspot-Ratelimit-Remaining:
      - '90'
      X-Hubspot-Ratelimit-Secondly:
      - '10'
      X-Hubspot-Ratelimit-Secondly-Remaining:
      - '9'
      X-Trace:
      - 2B2FAC05EF260A5C18F7D7320E67DEB273F7482CB3000000000000000000
      Report-To:
      - '{"endpoints":[{"url":"https:\/\/a.nel.cloudflare.com\/report\/v3?s=njJbsJl8cs1qJzH6zusKCIvWU7LAuSgnL7LNDzvHwsKxAhd%2Fam9%2FQ7k%2BcsRa1kYmGu0hCNA31GoDHfNlqVMOQHjnAKbT6uj2H10BzT%2FIHRuvnTi1WgTUD7HZJJEwPxAeTfDoP3Q5xuZ3tRt4"}],"group":"cf-nel","max_age":604800}'
      Nel:
      - '{"success_fraction":0.01,"report_to":"cf-nel","max_age":604800}'
      Server:
      - cloudflare
      Alt-Svc:
      - h3=":443"; ma=86400, h3-29=":443"; ma=86400
    body:
      encoding: ASCII-8BIT
      string: '{"portalId":<PORTAL_ID>,"dealId":9678257716,"isDeleted":false,"associations":{"associatedVids":[157351,157401],"associatedCompanyIds":[],"associatedDealIds":[],"associatedTicketIds":[]},"properties":{"hs_closed_amount_in_home_currency":{"value":"0","timestamp":1659451819345,"source":"CALCULATED","sourceId":"CalculatedPropertyComputer","updatedByUserId":null,"versions":[{"name":"hs_closed_amount_in_home_currency","value":"0","timestamp":1659451819345,"sourceId":"CalculatedPropertyComputer","source":"CALCULATED","sourceVid":[]}]},"hs_is_closed_won":{"value":"false","timestamp":1659451819345,"source":"CALCULATED","sourceId":"CalculatedPropertyComputer","updatedByUserId":null,"versions":[{"name":"hs_is_closed_won","value":"false","timestamp":1659451819345,"sourceId":"CalculatedPropertyComputer","source":"CALCULATED","sourceVid":[]}]},"createdate":{"value":"1659451819345","timestamp":1659451819345,"source":"INTEGRATION","sourceId":"1024738","updatedByUserId":null,"versions":[{"name":"createdate","value":"1659451819345","timestamp":1659451819345,"sourceId":"1024738","source":"INTEGRATION","sourceVid":[],"requestId":"c3ea9b4c-b5e3-4237-b777-7b6edaa1504b"}]},"hs_deal_stage_probability":{"value":"0","timestamp":1659451821393,"source":"CALCULATED","sourceId":"DealStageProbabilityHandler","updatedByUserId":null,"versions":[{"name":"hs_deal_stage_probability","value":"0","timestamp":1659451821393,"sourceId":"DealStageProbabilityHandler","source":"CALCULATED","sourceVid":[]}]},"days_to_close":{"value":"0","timestamp":1659451819345,"source":"CALCULATED","sourceId":"CalculatedPropertyComputer","updatedByUserId":null,"versions":[{"name":"days_to_close","value":"0","timestamp":1659451819345,"sourceId":"CalculatedPropertyComputer","source":"CALCULATED","sourceVid":[]}]},"hs_deal_stage_probability_shadow":{"value":"0","timestamp":1659451819345,"source":"CALCULATED","sourceId":"CalculatedPropertyComputer","updatedByUserId":null,"versions":[{"name":"hs_deal_stage_probability_shadow","value":"0","timestamp":1659451819345,"sourceId":"CalculatedPropertyComputer","source":"CALCULATED","sourceVid":[]}]},"hs_closed_amount":{"value":"0","timestamp":1659451819345,"source":"CALCULATED","sourceId":"CalculatedPropertyComputer","updatedByUserId":null,"versions":[{"name":"hs_closed_amount","value":"0","timestamp":1659451819345,"sourceId":"CalculatedPropertyComputer","source":"CALCULATED","sourceVid":[]}]},"hs_lastmodifieddate":{"value":"1659451821393","timestamp":1659451821393,"source":"CALCULATED","sourceId":"DealStageProbabilityHandler","updatedByUserId":null,"versions":[{"name":"hs_lastmodifieddate","value":"1659451821393","timestamp":1659451821393,"sourceId":"DealStageProbabilityHandler","source":"CALCULATED","sourceVid":[]}]},"hs_createdate":{"value":"1659451819345","timestamp":1659451819345,"source":"INTEGRATION","sourceId":"1024738","updatedByUserId":null,"versions":[{"name":"hs_createdate","value":"1659451819345","timestamp":1659451819345,"sourceId":"1024738","source":"INTEGRATION","sourceVid":[],"requestId":"c3ea9b4c-b5e3-4237-b777-7b6edaa1504b"}]},"hs_object_id":{"value":"9678257716","timestamp":1659451819345,"source":"INTEGRATION","sourceId":"1024738","updatedByUserId":null,"versions":[{"name":"hs_object_id","value":"9678257716","timestamp":1659451819345,"sourceId":"1024738","source":"INTEGRATION","sourceVid":[],"requestId":"c3ea9b4c-b5e3-4237-b777-7b6edaa1504b"}]},"hs_projected_amount":{"value":"","timestamp":1659451821393,"source":"CALCULATED","sourceId":"CalculatedPropertyComputer","updatedByUserId":null,"versions":[{"name":"hs_projected_amount","value":"","timestamp":1659451821393,"sourceId":"CalculatedPropertyComputer","source":"CALCULATED","sourceVid":[]}]},"hs_is_deal_split":{"value":"false","timestamp":1659451819345,"source":"CALCULATED","sourceId":"CalculatedPropertyComputer","updatedByUserId":null,"versions":[{"name":"hs_is_deal_split","value":"false","timestamp":1659451819345,"sourceId":"CalculatedPropertyComputer","source":"CALCULATED","sourceVid":[]}]},"hs_projected_amount_in_home_currency":{"value":"","timestamp":1659451821393,"source":"CALCULATED","sourceId":"CalculatedPropertyComputer","updatedByUserId":null,"versions":[{"name":"hs_projected_amount_in_home_currency","value":"","timestamp":1659451821393,"sourceId":"CalculatedPropertyComputer","source":"CALCULATED","sourceVid":[]}]}},"stateChanges":[]}'
  recorded_at: Tue, 02 Aug 2022 14:50:22 GMT
recorded_with: VCR 6.0.0
